/home/leonardo/Documents/proyectos_leo/proyecto_final/hydroponics_automated_system/firmware/hydroponics_automated_system/Core/Src/main.c:84:6:HAL_GPIO_EXTI_Callback	16	static
/home/leonardo/Documents/proyectos_leo/proyecto_final/hydroponics_automated_system/firmware/hydroponics_automated_system/Core/Src/main.c:101:5:main	8	static
/home/leonardo/Documents/proyectos_leo/proyecto_final/hydroponics_automated_system/firmware/hydroponics_automated_system/Core/Src/main.c:188:6:SystemClock_Config	88	static
/home/leonardo/Documents/proyectos_leo/proyecto_final/hydroponics_automated_system/firmware/hydroponics_automated_system/Core/Src/main.c:234:13:MX_ADC1_Init	24	static
/home/leonardo/Documents/proyectos_leo/proyecto_final/hydroponics_automated_system/firmware/hydroponics_automated_system/Core/Src/main.c:286:13:MX_I2C1_Init	8	static
/home/leonardo/Documents/proyectos_leo/proyecto_final/hydroponics_automated_system/firmware/hydroponics_automated_system/Core/Src/main.c:320:13:MX_SPI2_Init	8	static
/home/leonardo/Documents/proyectos_leo/proyecto_final/hydroponics_automated_system/firmware/hydroponics_automated_system/Core/Src/main.c:358:13:MX_TIM1_Init	32	static
/home/leonardo/Documents/proyectos_leo/proyecto_final/hydroponics_automated_system/firmware/hydroponics_automated_system/Core/Src/main.c:404:13:MX_USART2_UART_Init	8	static
/home/leonardo/Documents/proyectos_leo/proyecto_final/hydroponics_automated_system/firmware/hydroponics_automated_system/Core/Src/main.c:437:13:MX_GPIO_Init	48	static
/home/leonardo/Documents/proyectos_leo/proyecto_final/hydroponics_automated_system/firmware/hydroponics_automated_system/Core/Src/main.c:511:6:StartDefaultTask	16	static
/home/leonardo/Documents/proyectos_leo/proyecto_final/hydroponics_automated_system/firmware/hydroponics_automated_system/Core/Src/main.c:530:6:HAL_TIM_PeriodElapsedCallback	16	static
/home/leonardo/Documents/proyectos_leo/proyecto_final/hydroponics_automated_system/firmware/hydroponics_automated_system/Core/Src/main.c:548:6:Error_Handler	4	static,ignoring_inline_asm
