C:/Users/Juli-Leo/Documents/Proyecto final/hydroponics_automated_system/firmware/hydroponics_automated_system/Core/Src/main.c:71:6:HAL_GPIO_EXTI_Callback	16	static
C:/Users/Juli-Leo/Documents/Proyecto final/hydroponics_automated_system/firmware/hydroponics_automated_system/Core/Src/main.c:88:5:main	48	static
C:/Users/Juli-Leo/Documents/Proyecto final/hydroponics_automated_system/firmware/hydroponics_automated_system/Core/Src/main.c:155:6:SystemClock_Config	88	static
C:/Users/Juli-Leo/Documents/Proyecto final/hydroponics_automated_system/firmware/hydroponics_automated_system/Core/Src/main.c:201:13:MX_I2C1_Init	8	static
C:/Users/Juli-Leo/Documents/Proyecto final/hydroponics_automated_system/firmware/hydroponics_automated_system/Core/Src/main.c:235:13:MX_TIM1_Init	32	static
C:/Users/Juli-Leo/Documents/Proyecto final/hydroponics_automated_system/firmware/hydroponics_automated_system/Core/Src/main.c:281:13:MX_USART2_UART_Init	8	static
C:/Users/Juli-Leo/Documents/Proyecto final/hydroponics_automated_system/firmware/hydroponics_automated_system/Core/Src/main.c:314:13:MX_GPIO_Init	48	static
C:/Users/Juli-Leo/Documents/Proyecto final/hydroponics_automated_system/firmware/hydroponics_automated_system/Core/Src/main.c:375:6:Error_Handler	4	static,ignoring_inline_asm
